                                      1 ;--------------------------------------------------------
                                      2 ; File Created by SDCC : free open source ISO C Compiler 
                                      3 ; Version 4.3.2 #14228 (MINGW32)
                                      4 ;--------------------------------------------------------
                                      5 	.module font_gbr
                                      6 	.optsdcc -msm83
                                      7 	
                                      8 ;--------------------------------------------------------
                                      9 ; Public variables in this module
                                     10 ;--------------------------------------------------------
                                     11 	.globl _font
                                     12 	.globl ___bank_font
                                     13 	.globl _font_tiles
                                     14 ;--------------------------------------------------------
                                     15 ; special function registers
                                     16 ;--------------------------------------------------------
                                     17 ;--------------------------------------------------------
                                     18 ; ram data
                                     19 ;--------------------------------------------------------
                                     20 	.area _DATA
                                     21 ;--------------------------------------------------------
                                     22 ; ram data
                                     23 ;--------------------------------------------------------
                                     24 	.area _INITIALIZED
                                     25 ;--------------------------------------------------------
                                     26 ; absolute external ram data
                                     27 ;--------------------------------------------------------
                                     28 	.area _DABS (ABS)
                                     29 ;--------------------------------------------------------
                                     30 ; global & static initialisations
                                     31 ;--------------------------------------------------------
                                     32 	.area _HOME
                                     33 	.area _GSINIT
                                     34 	.area _GSFINAL
                                     35 	.area _GSINIT
                                     36 ;--------------------------------------------------------
                                     37 ; Home
                                     38 ;--------------------------------------------------------
                                     39 	.area _HOME
                                     40 	.area _HOME
                                     41 ;--------------------------------------------------------
                                     42 ; code
                                     43 ;--------------------------------------------------------
                                     44 	.area _CODE_255
                                     45 	.area _CODE_255
      000000                         46 _font_tiles:
      000000 00                      47 	.db #0x00	; 0
      000001 00                      48 	.db #0x00	; 0
      000002 00                      49 	.db #0x00	; 0
      000003 00                      50 	.db #0x00	; 0
      000004 00                      51 	.db #0x00	; 0
      000005 00                      52 	.db #0x00	; 0
      000006 00                      53 	.db #0x00	; 0
      000007 00                      54 	.db #0x00	; 0
      000008 00                      55 	.db #0x00	; 0
      000009 00                      56 	.db #0x00	; 0
      00000A 00                      57 	.db #0x00	; 0
      00000B 00                      58 	.db #0x00	; 0
      00000C 00                      59 	.db #0x00	; 0
      00000D 00                      60 	.db #0x00	; 0
      00000E 00                      61 	.db #0x00	; 0
      00000F 00                      62 	.db #0x00	; 0
      000010 7C                      63 	.db #0x7c	; 124
      000011 7C                      64 	.db #0x7c	; 124
      000012 82                      65 	.db #0x82	; 130
      000013 82                      66 	.db #0x82	; 130
      000014 82                      67 	.db #0x82	; 130
      000015 82                      68 	.db #0x82	; 130
      000016 FE                      69 	.db #0xfe	; 254
      000017 FE                      70 	.db #0xfe	; 254
      000018 82                      71 	.db #0x82	; 130
      000019 82                      72 	.db #0x82	; 130
      00001A 82                      73 	.db #0x82	; 130
      00001B 82                      74 	.db #0x82	; 130
      00001C 82                      75 	.db #0x82	; 130
      00001D 82                      76 	.db #0x82	; 130
      00001E 00                      77 	.db #0x00	; 0
      00001F 00                      78 	.db #0x00	; 0
      000020 FC                      79 	.db #0xfc	; 252
      000021 FC                      80 	.db #0xfc	; 252
      000022 82                      81 	.db #0x82	; 130
      000023 82                      82 	.db #0x82	; 130
      000024 82                      83 	.db #0x82	; 130
      000025 82                      84 	.db #0x82	; 130
      000026 FC                      85 	.db #0xfc	; 252
      000027 FC                      86 	.db #0xfc	; 252
      000028 82                      87 	.db #0x82	; 130
      000029 82                      88 	.db #0x82	; 130
      00002A 82                      89 	.db #0x82	; 130
      00002B 82                      90 	.db #0x82	; 130
      00002C FC                      91 	.db #0xfc	; 252
      00002D FC                      92 	.db #0xfc	; 252
      00002E 00                      93 	.db #0x00	; 0
      00002F 00                      94 	.db #0x00	; 0
      000030 7C                      95 	.db #0x7c	; 124
      000031 7C                      96 	.db #0x7c	; 124
      000032 82                      97 	.db #0x82	; 130
      000033 82                      98 	.db #0x82	; 130
      000034 80                      99 	.db #0x80	; 128
      000035 80                     100 	.db #0x80	; 128
      000036 80                     101 	.db #0x80	; 128
      000037 80                     102 	.db #0x80	; 128
      000038 80                     103 	.db #0x80	; 128
      000039 80                     104 	.db #0x80	; 128
      00003A 82                     105 	.db #0x82	; 130
      00003B 82                     106 	.db #0x82	; 130
      00003C 7C                     107 	.db #0x7c	; 124
      00003D 7C                     108 	.db #0x7c	; 124
      00003E 00                     109 	.db #0x00	; 0
      00003F 00                     110 	.db #0x00	; 0
      000040 F8                     111 	.db #0xf8	; 248
      000041 F8                     112 	.db #0xf8	; 248
      000042 84                     113 	.db #0x84	; 132
      000043 84                     114 	.db #0x84	; 132
      000044 82                     115 	.db #0x82	; 130
      000045 82                     116 	.db #0x82	; 130
      000046 82                     117 	.db #0x82	; 130
      000047 82                     118 	.db #0x82	; 130
      000048 82                     119 	.db #0x82	; 130
      000049 82                     120 	.db #0x82	; 130
      00004A 84                     121 	.db #0x84	; 132
      00004B 84                     122 	.db #0x84	; 132
      00004C F8                     123 	.db #0xf8	; 248
      00004D F8                     124 	.db #0xf8	; 248
      00004E 00                     125 	.db #0x00	; 0
      00004F 00                     126 	.db #0x00	; 0
      000050 FE                     127 	.db #0xfe	; 254
      000051 FE                     128 	.db #0xfe	; 254
      000052 80                     129 	.db #0x80	; 128
      000053 80                     130 	.db #0x80	; 128
      000054 80                     131 	.db #0x80	; 128
      000055 80                     132 	.db #0x80	; 128
      000056 F8                     133 	.db #0xf8	; 248
      000057 F8                     134 	.db #0xf8	; 248
      000058 80                     135 	.db #0x80	; 128
      000059 80                     136 	.db #0x80	; 128
      00005A 80                     137 	.db #0x80	; 128
      00005B 80                     138 	.db #0x80	; 128
      00005C FE                     139 	.db #0xfe	; 254
      00005D FE                     140 	.db #0xfe	; 254
      00005E 00                     141 	.db #0x00	; 0
      00005F 00                     142 	.db #0x00	; 0
      000060 FE                     143 	.db #0xfe	; 254
      000061 FE                     144 	.db #0xfe	; 254
      000062 80                     145 	.db #0x80	; 128
      000063 80                     146 	.db #0x80	; 128
      000064 80                     147 	.db #0x80	; 128
      000065 80                     148 	.db #0x80	; 128
      000066 F0                     149 	.db #0xf0	; 240
      000067 F0                     150 	.db #0xf0	; 240
      000068 80                     151 	.db #0x80	; 128
      000069 80                     152 	.db #0x80	; 128
      00006A 80                     153 	.db #0x80	; 128
      00006B 80                     154 	.db #0x80	; 128
      00006C 80                     155 	.db #0x80	; 128
      00006D 80                     156 	.db #0x80	; 128
      00006E 00                     157 	.db #0x00	; 0
      00006F 00                     158 	.db #0x00	; 0
      000070 7C                     159 	.db #0x7c	; 124
      000071 7C                     160 	.db #0x7c	; 124
      000072 82                     161 	.db #0x82	; 130
      000073 82                     162 	.db #0x82	; 130
      000074 80                     163 	.db #0x80	; 128
      000075 80                     164 	.db #0x80	; 128
      000076 9E                     165 	.db #0x9e	; 158
      000077 9E                     166 	.db #0x9e	; 158
      000078 82                     167 	.db #0x82	; 130
      000079 82                     168 	.db #0x82	; 130
      00007A 82                     169 	.db #0x82	; 130
      00007B 82                     170 	.db #0x82	; 130
      00007C 7C                     171 	.db #0x7c	; 124
      00007D 7C                     172 	.db #0x7c	; 124
      00007E 00                     173 	.db #0x00	; 0
      00007F 00                     174 	.db #0x00	; 0
      000080 82                     175 	.db #0x82	; 130
      000081 82                     176 	.db #0x82	; 130
      000082 82                     177 	.db #0x82	; 130
      000083 82                     178 	.db #0x82	; 130
      000084 82                     179 	.db #0x82	; 130
      000085 82                     180 	.db #0x82	; 130
      000086 FE                     181 	.db #0xfe	; 254
      000087 FE                     182 	.db #0xfe	; 254
      000088 82                     183 	.db #0x82	; 130
      000089 82                     184 	.db #0x82	; 130
      00008A 82                     185 	.db #0x82	; 130
      00008B 82                     186 	.db #0x82	; 130
      00008C 82                     187 	.db #0x82	; 130
      00008D 82                     188 	.db #0x82	; 130
      00008E 00                     189 	.db #0x00	; 0
      00008F 00                     190 	.db #0x00	; 0
      000090 FE                     191 	.db #0xfe	; 254
      000091 FE                     192 	.db #0xfe	; 254
      000092 10                     193 	.db #0x10	; 16
      000093 10                     194 	.db #0x10	; 16
      000094 10                     195 	.db #0x10	; 16
      000095 10                     196 	.db #0x10	; 16
      000096 10                     197 	.db #0x10	; 16
      000097 10                     198 	.db #0x10	; 16
      000098 10                     199 	.db #0x10	; 16
      000099 10                     200 	.db #0x10	; 16
      00009A 10                     201 	.db #0x10	; 16
      00009B 10                     202 	.db #0x10	; 16
      00009C FE                     203 	.db #0xfe	; 254
      00009D FE                     204 	.db #0xfe	; 254
      00009E 00                     205 	.db #0x00	; 0
      00009F 00                     206 	.db #0x00	; 0
      0000A0 FE                     207 	.db #0xfe	; 254
      0000A1 FE                     208 	.db #0xfe	; 254
      0000A2 08                     209 	.db #0x08	; 8
      0000A3 08                     210 	.db #0x08	; 8
      0000A4 08                     211 	.db #0x08	; 8
      0000A5 08                     212 	.db #0x08	; 8
      0000A6 08                     213 	.db #0x08	; 8
      0000A7 08                     214 	.db #0x08	; 8
      0000A8 08                     215 	.db #0x08	; 8
      0000A9 08                     216 	.db #0x08	; 8
      0000AA 88                     217 	.db #0x88	; 136
      0000AB 88                     218 	.db #0x88	; 136
      0000AC 70                     219 	.db #0x70	; 112	'p'
      0000AD 70                     220 	.db #0x70	; 112	'p'
      0000AE 00                     221 	.db #0x00	; 0
      0000AF 00                     222 	.db #0x00	; 0
      0000B0 82                     223 	.db #0x82	; 130
      0000B1 82                     224 	.db #0x82	; 130
      0000B2 8C                     225 	.db #0x8c	; 140
      0000B3 8C                     226 	.db #0x8c	; 140
      0000B4 B0                     227 	.db #0xb0	; 176
      0000B5 B0                     228 	.db #0xb0	; 176
      0000B6 C0                     229 	.db #0xc0	; 192
      0000B7 C0                     230 	.db #0xc0	; 192
      0000B8 B0                     231 	.db #0xb0	; 176
      0000B9 B0                     232 	.db #0xb0	; 176
      0000BA 8C                     233 	.db #0x8c	; 140
      0000BB 8C                     234 	.db #0x8c	; 140
      0000BC 82                     235 	.db #0x82	; 130
      0000BD 82                     236 	.db #0x82	; 130
      0000BE 00                     237 	.db #0x00	; 0
      0000BF 00                     238 	.db #0x00	; 0
      0000C0 80                     239 	.db #0x80	; 128
      0000C1 80                     240 	.db #0x80	; 128
      0000C2 80                     241 	.db #0x80	; 128
      0000C3 80                     242 	.db #0x80	; 128
      0000C4 80                     243 	.db #0x80	; 128
      0000C5 80                     244 	.db #0x80	; 128
      0000C6 80                     245 	.db #0x80	; 128
      0000C7 80                     246 	.db #0x80	; 128
      0000C8 80                     247 	.db #0x80	; 128
      0000C9 80                     248 	.db #0x80	; 128
      0000CA 80                     249 	.db #0x80	; 128
      0000CB 80                     250 	.db #0x80	; 128
      0000CC FE                     251 	.db #0xfe	; 254
      0000CD FE                     252 	.db #0xfe	; 254
      0000CE 00                     253 	.db #0x00	; 0
      0000CF 00                     254 	.db #0x00	; 0
      0000D0 82                     255 	.db #0x82	; 130
      0000D1 82                     256 	.db #0x82	; 130
      0000D2 C6                     257 	.db #0xc6	; 198
      0000D3 C6                     258 	.db #0xc6	; 198
      0000D4 AA                     259 	.db #0xaa	; 170
      0000D5 AA                     260 	.db #0xaa	; 170
      0000D6 92                     261 	.db #0x92	; 146
      0000D7 92                     262 	.db #0x92	; 146
      0000D8 82                     263 	.db #0x82	; 130
      0000D9 82                     264 	.db #0x82	; 130
      0000DA 82                     265 	.db #0x82	; 130
      0000DB 82                     266 	.db #0x82	; 130
      0000DC 82                     267 	.db #0x82	; 130
      0000DD 82                     268 	.db #0x82	; 130
      0000DE 00                     269 	.db #0x00	; 0
      0000DF 00                     270 	.db #0x00	; 0
      0000E0 82                     271 	.db #0x82	; 130
      0000E1 82                     272 	.db #0x82	; 130
      0000E2 C2                     273 	.db #0xc2	; 194
      0000E3 C2                     274 	.db #0xc2	; 194
      0000E4 A2                     275 	.db #0xa2	; 162
      0000E5 A2                     276 	.db #0xa2	; 162
      0000E6 92                     277 	.db #0x92	; 146
      0000E7 92                     278 	.db #0x92	; 146
      0000E8 8A                     279 	.db #0x8a	; 138
      0000E9 8A                     280 	.db #0x8a	; 138
      0000EA 86                     281 	.db #0x86	; 134
      0000EB 86                     282 	.db #0x86	; 134
      0000EC 82                     283 	.db #0x82	; 130
      0000ED 82                     284 	.db #0x82	; 130
      0000EE 00                     285 	.db #0x00	; 0
      0000EF 00                     286 	.db #0x00	; 0
      0000F0 7C                     287 	.db #0x7c	; 124
      0000F1 7C                     288 	.db #0x7c	; 124
      0000F2 82                     289 	.db #0x82	; 130
      0000F3 82                     290 	.db #0x82	; 130
      0000F4 82                     291 	.db #0x82	; 130
      0000F5 82                     292 	.db #0x82	; 130
      0000F6 82                     293 	.db #0x82	; 130
      0000F7 82                     294 	.db #0x82	; 130
      0000F8 82                     295 	.db #0x82	; 130
      0000F9 82                     296 	.db #0x82	; 130
      0000FA 82                     297 	.db #0x82	; 130
      0000FB 82                     298 	.db #0x82	; 130
      0000FC 7C                     299 	.db #0x7c	; 124
      0000FD 7C                     300 	.db #0x7c	; 124
      0000FE 00                     301 	.db #0x00	; 0
      0000FF 00                     302 	.db #0x00	; 0
      000100 FC                     303 	.db #0xfc	; 252
      000101 FC                     304 	.db #0xfc	; 252
      000102 82                     305 	.db #0x82	; 130
      000103 82                     306 	.db #0x82	; 130
      000104 82                     307 	.db #0x82	; 130
      000105 82                     308 	.db #0x82	; 130
      000106 82                     309 	.db #0x82	; 130
      000107 82                     310 	.db #0x82	; 130
      000108 FC                     311 	.db #0xfc	; 252
      000109 FC                     312 	.db #0xfc	; 252
      00010A 80                     313 	.db #0x80	; 128
      00010B 80                     314 	.db #0x80	; 128
      00010C 80                     315 	.db #0x80	; 128
      00010D 80                     316 	.db #0x80	; 128
      00010E 00                     317 	.db #0x00	; 0
      00010F 00                     318 	.db #0x00	; 0
      000110 7C                     319 	.db #0x7c	; 124
      000111 7C                     320 	.db #0x7c	; 124
      000112 82                     321 	.db #0x82	; 130
      000113 82                     322 	.db #0x82	; 130
      000114 82                     323 	.db #0x82	; 130
      000115 82                     324 	.db #0x82	; 130
      000116 82                     325 	.db #0x82	; 130
      000117 82                     326 	.db #0x82	; 130
      000118 82                     327 	.db #0x82	; 130
      000119 82                     328 	.db #0x82	; 130
      00011A 8A                     329 	.db #0x8a	; 138
      00011B 8A                     330 	.db #0x8a	; 138
      00011C 7C                     331 	.db #0x7c	; 124
      00011D 7C                     332 	.db #0x7c	; 124
      00011E 06                     333 	.db #0x06	; 6
      00011F 06                     334 	.db #0x06	; 6
      000120 FC                     335 	.db #0xfc	; 252
      000121 FC                     336 	.db #0xfc	; 252
      000122 82                     337 	.db #0x82	; 130
      000123 82                     338 	.db #0x82	; 130
      000124 82                     339 	.db #0x82	; 130
      000125 82                     340 	.db #0x82	; 130
      000126 FC                     341 	.db #0xfc	; 252
      000127 FC                     342 	.db #0xfc	; 252
      000128 88                     343 	.db #0x88	; 136
      000129 88                     344 	.db #0x88	; 136
      00012A 84                     345 	.db #0x84	; 132
      00012B 84                     346 	.db #0x84	; 132
      00012C 82                     347 	.db #0x82	; 130
      00012D 82                     348 	.db #0x82	; 130
      00012E 00                     349 	.db #0x00	; 0
      00012F 00                     350 	.db #0x00	; 0
      000130 7C                     351 	.db #0x7c	; 124
      000131 7C                     352 	.db #0x7c	; 124
      000132 82                     353 	.db #0x82	; 130
      000133 82                     354 	.db #0x82	; 130
      000134 80                     355 	.db #0x80	; 128
      000135 80                     356 	.db #0x80	; 128
      000136 7C                     357 	.db #0x7c	; 124
      000137 7C                     358 	.db #0x7c	; 124
      000138 02                     359 	.db #0x02	; 2
      000139 02                     360 	.db #0x02	; 2
      00013A 82                     361 	.db #0x82	; 130
      00013B 82                     362 	.db #0x82	; 130
      00013C 7C                     363 	.db #0x7c	; 124
      00013D 7C                     364 	.db #0x7c	; 124
      00013E 00                     365 	.db #0x00	; 0
      00013F 00                     366 	.db #0x00	; 0
      000140 FE                     367 	.db #0xfe	; 254
      000141 FE                     368 	.db #0xfe	; 254
      000142 10                     369 	.db #0x10	; 16
      000143 10                     370 	.db #0x10	; 16
      000144 10                     371 	.db #0x10	; 16
      000145 10                     372 	.db #0x10	; 16
      000146 10                     373 	.db #0x10	; 16
      000147 10                     374 	.db #0x10	; 16
      000148 10                     375 	.db #0x10	; 16
      000149 10                     376 	.db #0x10	; 16
      00014A 10                     377 	.db #0x10	; 16
      00014B 10                     378 	.db #0x10	; 16
      00014C 10                     379 	.db #0x10	; 16
      00014D 10                     380 	.db #0x10	; 16
      00014E 00                     381 	.db #0x00	; 0
      00014F 00                     382 	.db #0x00	; 0
      000150 82                     383 	.db #0x82	; 130
      000151 82                     384 	.db #0x82	; 130
      000152 82                     385 	.db #0x82	; 130
      000153 82                     386 	.db #0x82	; 130
      000154 82                     387 	.db #0x82	; 130
      000155 82                     388 	.db #0x82	; 130
      000156 82                     389 	.db #0x82	; 130
      000157 82                     390 	.db #0x82	; 130
      000158 82                     391 	.db #0x82	; 130
      000159 82                     392 	.db #0x82	; 130
      00015A 82                     393 	.db #0x82	; 130
      00015B 82                     394 	.db #0x82	; 130
      00015C 7C                     395 	.db #0x7c	; 124
      00015D 7C                     396 	.db #0x7c	; 124
      00015E 00                     397 	.db #0x00	; 0
      00015F 00                     398 	.db #0x00	; 0
      000160 82                     399 	.db #0x82	; 130
      000161 82                     400 	.db #0x82	; 130
      000162 82                     401 	.db #0x82	; 130
      000163 82                     402 	.db #0x82	; 130
      000164 44                     403 	.db #0x44	; 68	'D'
      000165 44                     404 	.db #0x44	; 68	'D'
      000166 44                     405 	.db #0x44	; 68	'D'
      000167 44                     406 	.db #0x44	; 68	'D'
      000168 28                     407 	.db #0x28	; 40
      000169 28                     408 	.db #0x28	; 40
      00016A 28                     409 	.db #0x28	; 40
      00016B 28                     410 	.db #0x28	; 40
      00016C 10                     411 	.db #0x10	; 16
      00016D 10                     412 	.db #0x10	; 16
      00016E 00                     413 	.db #0x00	; 0
      00016F 00                     414 	.db #0x00	; 0
      000170 82                     415 	.db #0x82	; 130
      000171 82                     416 	.db #0x82	; 130
      000172 82                     417 	.db #0x82	; 130
      000173 82                     418 	.db #0x82	; 130
      000174 82                     419 	.db #0x82	; 130
      000175 82                     420 	.db #0x82	; 130
      000176 44                     421 	.db #0x44	; 68	'D'
      000177 44                     422 	.db #0x44	; 68	'D'
      000178 54                     423 	.db #0x54	; 84	'T'
      000179 54                     424 	.db #0x54	; 84	'T'
      00017A 54                     425 	.db #0x54	; 84	'T'
      00017B 54                     426 	.db #0x54	; 84	'T'
      00017C 38                     427 	.db #0x38	; 56	'8'
      00017D 38                     428 	.db #0x38	; 56	'8'
      00017E 00                     429 	.db #0x00	; 0
      00017F 00                     430 	.db #0x00	; 0
      000180 82                     431 	.db #0x82	; 130
      000181 82                     432 	.db #0x82	; 130
      000182 44                     433 	.db #0x44	; 68	'D'
      000183 44                     434 	.db #0x44	; 68	'D'
      000184 28                     435 	.db #0x28	; 40
      000185 28                     436 	.db #0x28	; 40
      000186 10                     437 	.db #0x10	; 16
      000187 10                     438 	.db #0x10	; 16
      000188 28                     439 	.db #0x28	; 40
      000189 28                     440 	.db #0x28	; 40
      00018A 44                     441 	.db #0x44	; 68	'D'
      00018B 44                     442 	.db #0x44	; 68	'D'
      00018C 82                     443 	.db #0x82	; 130
      00018D 82                     444 	.db #0x82	; 130
      00018E 00                     445 	.db #0x00	; 0
      00018F 00                     446 	.db #0x00	; 0
      000190 82                     447 	.db #0x82	; 130
      000191 82                     448 	.db #0x82	; 130
      000192 44                     449 	.db #0x44	; 68	'D'
      000193 44                     450 	.db #0x44	; 68	'D'
      000194 28                     451 	.db #0x28	; 40
      000195 28                     452 	.db #0x28	; 40
      000196 10                     453 	.db #0x10	; 16
      000197 10                     454 	.db #0x10	; 16
      000198 10                     455 	.db #0x10	; 16
      000199 10                     456 	.db #0x10	; 16
      00019A 10                     457 	.db #0x10	; 16
      00019B 10                     458 	.db #0x10	; 16
      00019C 10                     459 	.db #0x10	; 16
      00019D 10                     460 	.db #0x10	; 16
      00019E 00                     461 	.db #0x00	; 0
      00019F 00                     462 	.db #0x00	; 0
      0001A0 FE                     463 	.db #0xfe	; 254
      0001A1 FE                     464 	.db #0xfe	; 254
      0001A2 04                     465 	.db #0x04	; 4
      0001A3 04                     466 	.db #0x04	; 4
      0001A4 08                     467 	.db #0x08	; 8
      0001A5 08                     468 	.db #0x08	; 8
      0001A6 10                     469 	.db #0x10	; 16
      0001A7 10                     470 	.db #0x10	; 16
      0001A8 20                     471 	.db #0x20	; 32
      0001A9 20                     472 	.db #0x20	; 32
      0001AA 40                     473 	.db #0x40	; 64
      0001AB 40                     474 	.db #0x40	; 64
      0001AC FE                     475 	.db #0xfe	; 254
      0001AD FE                     476 	.db #0xfe	; 254
      0001AE 00                     477 	.db #0x00	; 0
      0001AF 00                     478 	.db #0x00	; 0
      0001B0 7C                     479 	.db #0x7c	; 124
      0001B1 7C                     480 	.db #0x7c	; 124
      0001B2 86                     481 	.db #0x86	; 134
      0001B3 86                     482 	.db #0x86	; 134
      0001B4 8A                     483 	.db #0x8a	; 138
      0001B5 8A                     484 	.db #0x8a	; 138
      0001B6 92                     485 	.db #0x92	; 146
      0001B7 92                     486 	.db #0x92	; 146
      0001B8 A2                     487 	.db #0xa2	; 162
      0001B9 A2                     488 	.db #0xa2	; 162
      0001BA C2                     489 	.db #0xc2	; 194
      0001BB C2                     490 	.db #0xc2	; 194
      0001BC 7C                     491 	.db #0x7c	; 124
      0001BD 7C                     492 	.db #0x7c	; 124
      0001BE 00                     493 	.db #0x00	; 0
      0001BF 00                     494 	.db #0x00	; 0
      0001C0 18                     495 	.db #0x18	; 24
      0001C1 18                     496 	.db #0x18	; 24
      0001C2 28                     497 	.db #0x28	; 40
      0001C3 28                     498 	.db #0x28	; 40
      0001C4 48                     499 	.db #0x48	; 72	'H'
      0001C5 48                     500 	.db #0x48	; 72	'H'
      0001C6 08                     501 	.db #0x08	; 8
      0001C7 08                     502 	.db #0x08	; 8
      0001C8 08                     503 	.db #0x08	; 8
      0001C9 08                     504 	.db #0x08	; 8
      0001CA 08                     505 	.db #0x08	; 8
      0001CB 08                     506 	.db #0x08	; 8
      0001CC 7E                     507 	.db #0x7e	; 126
      0001CD 7E                     508 	.db #0x7e	; 126
      0001CE 00                     509 	.db #0x00	; 0
      0001CF 00                     510 	.db #0x00	; 0
      0001D0 7C                     511 	.db #0x7c	; 124
      0001D1 7C                     512 	.db #0x7c	; 124
      0001D2 82                     513 	.db #0x82	; 130
      0001D3 82                     514 	.db #0x82	; 130
      0001D4 02                     515 	.db #0x02	; 2
      0001D5 02                     516 	.db #0x02	; 2
      0001D6 1C                     517 	.db #0x1c	; 28
      0001D7 1C                     518 	.db #0x1c	; 28
      0001D8 60                     519 	.db #0x60	; 96
      0001D9 60                     520 	.db #0x60	; 96
      0001DA 80                     521 	.db #0x80	; 128
      0001DB 80                     522 	.db #0x80	; 128
      0001DC FE                     523 	.db #0xfe	; 254
      0001DD FE                     524 	.db #0xfe	; 254
      0001DE 00                     525 	.db #0x00	; 0
      0001DF 00                     526 	.db #0x00	; 0
      0001E0 7C                     527 	.db #0x7c	; 124
      0001E1 7C                     528 	.db #0x7c	; 124
      0001E2 82                     529 	.db #0x82	; 130
      0001E3 82                     530 	.db #0x82	; 130
      0001E4 02                     531 	.db #0x02	; 2
      0001E5 02                     532 	.db #0x02	; 2
      0001E6 1C                     533 	.db #0x1c	; 28
      0001E7 1C                     534 	.db #0x1c	; 28
      0001E8 02                     535 	.db #0x02	; 2
      0001E9 02                     536 	.db #0x02	; 2
      0001EA 82                     537 	.db #0x82	; 130
      0001EB 82                     538 	.db #0x82	; 130
      0001EC 7C                     539 	.db #0x7c	; 124
      0001ED 7C                     540 	.db #0x7c	; 124
      0001EE 00                     541 	.db #0x00	; 0
      0001EF 00                     542 	.db #0x00	; 0
      0001F0 18                     543 	.db #0x18	; 24
      0001F1 18                     544 	.db #0x18	; 24
      0001F2 28                     545 	.db #0x28	; 40
      0001F3 28                     546 	.db #0x28	; 40
      0001F4 48                     547 	.db #0x48	; 72	'H'
      0001F5 48                     548 	.db #0x48	; 72	'H'
      0001F6 88                     549 	.db #0x88	; 136
      0001F7 88                     550 	.db #0x88	; 136
      0001F8 FE                     551 	.db #0xfe	; 254
      0001F9 FE                     552 	.db #0xfe	; 254
      0001FA 08                     553 	.db #0x08	; 8
      0001FB 08                     554 	.db #0x08	; 8
      0001FC 08                     555 	.db #0x08	; 8
      0001FD 08                     556 	.db #0x08	; 8
      0001FE 00                     557 	.db #0x00	; 0
      0001FF 00                     558 	.db #0x00	; 0
      000200 FE                     559 	.db #0xfe	; 254
      000201 FE                     560 	.db #0xfe	; 254
      000202 80                     561 	.db #0x80	; 128
      000203 80                     562 	.db #0x80	; 128
      000204 80                     563 	.db #0x80	; 128
      000205 80                     564 	.db #0x80	; 128
      000206 FC                     565 	.db #0xfc	; 252
      000207 FC                     566 	.db #0xfc	; 252
      000208 02                     567 	.db #0x02	; 2
      000209 02                     568 	.db #0x02	; 2
      00020A 82                     569 	.db #0x82	; 130
      00020B 82                     570 	.db #0x82	; 130
      00020C 7C                     571 	.db #0x7c	; 124
      00020D 7C                     572 	.db #0x7c	; 124
      00020E 00                     573 	.db #0x00	; 0
      00020F 00                     574 	.db #0x00	; 0
      000210 7C                     575 	.db #0x7c	; 124
      000211 7C                     576 	.db #0x7c	; 124
      000212 82                     577 	.db #0x82	; 130
      000213 82                     578 	.db #0x82	; 130
      000214 80                     579 	.db #0x80	; 128
      000215 80                     580 	.db #0x80	; 128
      000216 FC                     581 	.db #0xfc	; 252
      000217 FC                     582 	.db #0xfc	; 252
      000218 82                     583 	.db #0x82	; 130
      000219 82                     584 	.db #0x82	; 130
      00021A 82                     585 	.db #0x82	; 130
      00021B 82                     586 	.db #0x82	; 130
      00021C 7C                     587 	.db #0x7c	; 124
      00021D 7C                     588 	.db #0x7c	; 124
      00021E 00                     589 	.db #0x00	; 0
      00021F 00                     590 	.db #0x00	; 0
      000220 FE                     591 	.db #0xfe	; 254
      000221 FE                     592 	.db #0xfe	; 254
      000222 82                     593 	.db #0x82	; 130
      000223 82                     594 	.db #0x82	; 130
      000224 04                     595 	.db #0x04	; 4
      000225 04                     596 	.db #0x04	; 4
      000226 1E                     597 	.db #0x1e	; 30
      000227 1E                     598 	.db #0x1e	; 30
      000228 08                     599 	.db #0x08	; 8
      000229 08                     600 	.db #0x08	; 8
      00022A 08                     601 	.db #0x08	; 8
      00022B 08                     602 	.db #0x08	; 8
      00022C 10                     603 	.db #0x10	; 16
      00022D 10                     604 	.db #0x10	; 16
      00022E 00                     605 	.db #0x00	; 0
      00022F 00                     606 	.db #0x00	; 0
      000230 7C                     607 	.db #0x7c	; 124
      000231 7C                     608 	.db #0x7c	; 124
      000232 82                     609 	.db #0x82	; 130
      000233 82                     610 	.db #0x82	; 130
      000234 82                     611 	.db #0x82	; 130
      000235 82                     612 	.db #0x82	; 130
      000236 7C                     613 	.db #0x7c	; 124
      000237 7C                     614 	.db #0x7c	; 124
      000238 82                     615 	.db #0x82	; 130
      000239 82                     616 	.db #0x82	; 130
      00023A 82                     617 	.db #0x82	; 130
      00023B 82                     618 	.db #0x82	; 130
      00023C 7C                     619 	.db #0x7c	; 124
      00023D 7C                     620 	.db #0x7c	; 124
      00023E 00                     621 	.db #0x00	; 0
      00023F 00                     622 	.db #0x00	; 0
      000240 7C                     623 	.db #0x7c	; 124
      000241 7C                     624 	.db #0x7c	; 124
      000242 82                     625 	.db #0x82	; 130
      000243 82                     626 	.db #0x82	; 130
      000244 86                     627 	.db #0x86	; 134
      000245 86                     628 	.db #0x86	; 134
      000246 7A                     629 	.db #0x7a	; 122	'z'
      000247 7A                     630 	.db #0x7a	; 122	'z'
      000248 02                     631 	.db #0x02	; 2
      000249 02                     632 	.db #0x02	; 2
      00024A 82                     633 	.db #0x82	; 130
      00024B 82                     634 	.db #0x82	; 130
      00024C 7C                     635 	.db #0x7c	; 124
      00024D 7C                     636 	.db #0x7c	; 124
      00024E 00                     637 	.db #0x00	; 0
      00024F 00                     638 	.db #0x00	; 0
      000250 10                     639 	.db #0x10	; 16
      000251 10                     640 	.db #0x10	; 16
      000252 10                     641 	.db #0x10	; 16
      000253 10                     642 	.db #0x10	; 16
      000254 10                     643 	.db #0x10	; 16
      000255 10                     644 	.db #0x10	; 16
      000256 10                     645 	.db #0x10	; 16
      000257 10                     646 	.db #0x10	; 16
      000258 10                     647 	.db #0x10	; 16
      000259 10                     648 	.db #0x10	; 16
      00025A 00                     649 	.db #0x00	; 0
      00025B 00                     650 	.db #0x00	; 0
      00025C 10                     651 	.db #0x10	; 16
      00025D 10                     652 	.db #0x10	; 16
      00025E 00                     653 	.db #0x00	; 0
      00025F 00                     654 	.db #0x00	; 0
      000260 08                     655 	.db #0x08	; 8
      000261 08                     656 	.db #0x08	; 8
      000262 08                     657 	.db #0x08	; 8
      000263 08                     658 	.db #0x08	; 8
      000264 10                     659 	.db #0x10	; 16
      000265 10                     660 	.db #0x10	; 16
      000266 00                     661 	.db #0x00	; 0
      000267 00                     662 	.db #0x00	; 0
      000268 00                     663 	.db #0x00	; 0
      000269 00                     664 	.db #0x00	; 0
      00026A 00                     665 	.db #0x00	; 0
      00026B 00                     666 	.db #0x00	; 0
      00026C 00                     667 	.db #0x00	; 0
      00026D 00                     668 	.db #0x00	; 0
      00026E 00                     669 	.db #0x00	; 0
      00026F 00                     670 	.db #0x00	; 0
      000270 10                     671 	.db #0x10	; 16
      000271 10                     672 	.db #0x10	; 16
      000272 20                     673 	.db #0x20	; 32
      000273 20                     674 	.db #0x20	; 32
      000274 20                     675 	.db #0x20	; 32
      000275 20                     676 	.db #0x20	; 32
      000276 20                     677 	.db #0x20	; 32
      000277 20                     678 	.db #0x20	; 32
      000278 20                     679 	.db #0x20	; 32
      000279 20                     680 	.db #0x20	; 32
      00027A 20                     681 	.db #0x20	; 32
      00027B 20                     682 	.db #0x20	; 32
      00027C 10                     683 	.db #0x10	; 16
      00027D 10                     684 	.db #0x10	; 16
      00027E 00                     685 	.db #0x00	; 0
      00027F 00                     686 	.db #0x00	; 0
      000280 10                     687 	.db #0x10	; 16
      000281 10                     688 	.db #0x10	; 16
      000282 08                     689 	.db #0x08	; 8
      000283 08                     690 	.db #0x08	; 8
      000284 08                     691 	.db #0x08	; 8
      000285 08                     692 	.db #0x08	; 8
      000286 08                     693 	.db #0x08	; 8
      000287 08                     694 	.db #0x08	; 8
      000288 08                     695 	.db #0x08	; 8
      000289 08                     696 	.db #0x08	; 8
      00028A 08                     697 	.db #0x08	; 8
      00028B 08                     698 	.db #0x08	; 8
      00028C 10                     699 	.db #0x10	; 16
      00028D 10                     700 	.db #0x10	; 16
      00028E 00                     701 	.db #0x00	; 0
      00028F 00                     702 	.db #0x00	; 0
      000290 00                     703 	.db #0x00	; 0
      000291 00                     704 	.db #0x00	; 0
      000292 00                     705 	.db #0x00	; 0
      000293 00                     706 	.db #0x00	; 0
      000294 00                     707 	.db #0x00	; 0
      000295 00                     708 	.db #0x00	; 0
      000296 7C                     709 	.db #0x7c	; 124
      000297 7C                     710 	.db #0x7c	; 124
      000298 00                     711 	.db #0x00	; 0
      000299 00                     712 	.db #0x00	; 0
      00029A 00                     713 	.db #0x00	; 0
      00029B 00                     714 	.db #0x00	; 0
      00029C 00                     715 	.db #0x00	; 0
      00029D 00                     716 	.db #0x00	; 0
      00029E 00                     717 	.db #0x00	; 0
      00029F 00                     718 	.db #0x00	; 0
      0002A0 00                     719 	.db #0x00	; 0
      0002A1 00                     720 	.db #0x00	; 0
      0002A2 00                     721 	.db #0x00	; 0
      0002A3 00                     722 	.db #0x00	; 0
      0002A4 00                     723 	.db #0x00	; 0
      0002A5 00                     724 	.db #0x00	; 0
      0002A6 00                     725 	.db #0x00	; 0
      0002A7 00                     726 	.db #0x00	; 0
      0002A8 00                     727 	.db #0x00	; 0
      0002A9 00                     728 	.db #0x00	; 0
      0002AA 00                     729 	.db #0x00	; 0
      0002AB 00                     730 	.db #0x00	; 0
      0002AC 10                     731 	.db #0x10	; 16
      0002AD 10                     732 	.db #0x10	; 16
      0002AE 00                     733 	.db #0x00	; 0
      0002AF 00                     734 	.db #0x00	; 0
      0002B0 00                     735 	.db #0x00	; 0
      0002B1 00                     736 	.db #0x00	; 0
      0002B2 00                     737 	.db #0x00	; 0
      0002B3 00                     738 	.db #0x00	; 0
      0002B4 10                     739 	.db #0x10	; 16
      0002B5 10                     740 	.db #0x10	; 16
      0002B6 00                     741 	.db #0x00	; 0
      0002B7 00                     742 	.db #0x00	; 0
      0002B8 00                     743 	.db #0x00	; 0
      0002B9 00                     744 	.db #0x00	; 0
      0002BA 00                     745 	.db #0x00	; 0
      0002BB 00                     746 	.db #0x00	; 0
      0002BC 10                     747 	.db #0x10	; 16
      0002BD 10                     748 	.db #0x10	; 16
      0002BE 00                     749 	.db #0x00	; 0
      0002BF 00                     750 	.db #0x00	; 0
      0002C0 7C                     751 	.db #0x7c	; 124
      0002C1 7C                     752 	.db #0x7c	; 124
      0002C2 82                     753 	.db #0x82	; 130
      0002C3 82                     754 	.db #0x82	; 130
      0002C4 02                     755 	.db #0x02	; 2
      0002C5 02                     756 	.db #0x02	; 2
      0002C6 0C                     757 	.db #0x0c	; 12
      0002C7 0C                     758 	.db #0x0c	; 12
      0002C8 10                     759 	.db #0x10	; 16
      0002C9 10                     760 	.db #0x10	; 16
      0002CA 00                     761 	.db #0x00	; 0
      0002CB 00                     762 	.db #0x00	; 0
      0002CC 10                     763 	.db #0x10	; 16
      0002CD 10                     764 	.db #0x10	; 16
      0002CE 00                     765 	.db #0x00	; 0
      0002CF 00                     766 	.db #0x00	; 0
                           0000FF   767 ___bank_font	=	0x00ff
      0002D0                        768 _font:
      0002D0 2D                     769 	.db #0x2d	; 45
      0002D1r00r00                  770 	.dw _font_tiles
      0002D3 00                     771 	.db #0x00	; 0
      0002D4 00 00                  772 	.dw #0x0000
      0002D6 00 00                  773 	.dw #0x0000
                                    774 	.area _INITIALIZER
                                    775 	.area _CABS (ABS)
