                                      1 ;--------------------------------------------------------
                                      2 ; File Created by SDCC : free open source ISO C Compiler 
                                      3 ; Version 4.3.2 #14228 (MINGW32)
                                      4 ;--------------------------------------------------------
                                      5 	.module Vector
                                      6 	.optsdcc -msm83
                                      7 	
                                      8 ;--------------------------------------------------------
                                      9 ; Public variables in this module
                                     10 ;--------------------------------------------------------
                                     11 	.globl _memcpy
                                     12 	.globl _VectorAdd
                                     13 	.globl _VectorRemovePos
                                     14 ;--------------------------------------------------------
                                     15 ; special function registers
                                     16 ;--------------------------------------------------------
                                     17 ;--------------------------------------------------------
                                     18 ; ram data
                                     19 ;--------------------------------------------------------
                                     20 	.area _DATA
                                     21 ;--------------------------------------------------------
                                     22 ; ram data
                                     23 ;--------------------------------------------------------
                                     24 	.area _INITIALIZED
                                     25 ;--------------------------------------------------------
                                     26 ; absolute external ram data
                                     27 ;--------------------------------------------------------
                                     28 	.area _DABS (ABS)
                                     29 ;--------------------------------------------------------
                                     30 ; global & static initialisations
                                     31 ;--------------------------------------------------------
                                     32 	.area _HOME
                                     33 	.area _GSINIT
                                     34 	.area _GSFINAL
                                     35 	.area _GSINIT
                                     36 ;--------------------------------------------------------
                                     37 ; Home
                                     38 ;--------------------------------------------------------
                                     39 	.area _HOME
                                     40 	.area _HOME
                                     41 ;--------------------------------------------------------
                                     42 ; code
                                     43 ;--------------------------------------------------------
                                     44 	.area _CODE
                                     45 ;C:/gbdk/ZGB/common/src/Vector.c:5: void VectorAdd(UINT8* v, UINT8 elem) {
                                     46 ;	---------------------------------
                                     47 ; Function VectorAdd
                                     48 ; ---------------------------------
      000000                         49 _VectorAdd::
      000000 4F               [ 4]   50 	ld	c, a
                                     51 ;C:/gbdk/ZGB/common/src/Vector.c:6: v[++ v[0]] = elem;
      000001 1A               [ 8]   52 	ld	a, (de)
      000002 3C               [ 4]   53 	inc	a
      000003 12               [ 8]   54 	ld	(de), a
      000004 6F               [ 4]   55 	ld	l, a
      000005 26 00            [ 8]   56 	ld	h, #0x00
      000007 19               [ 8]   57 	add	hl, de
      000008 71               [ 8]   58 	ld	(hl), c
                                     59 ;C:/gbdk/ZGB/common/src/Vector.c:7: }
      000009 C9               [16]   60 	ret
                                     61 ;C:/gbdk/ZGB/common/src/Vector.c:9: void VectorRemovePos(UINT8* v, UINT8 pos) {
                                     62 ;	---------------------------------
                                     63 ; Function VectorRemovePos
                                     64 ; ---------------------------------
      00000A                         65 _VectorRemovePos::
      00000A E8 FA            [16]   66 	add	sp, #-6
      00000C F8 04            [12]   67 	ldhl	sp,	#4
      00000E 73               [ 8]   68 	ld	(hl), e
      00000F 23               [ 8]   69 	inc	hl
      000010 72               [ 8]   70 	ld	(hl), d
                                     71 ;C:/gbdk/ZGB/common/src/Vector.c:10: memcpy(&v[pos + 1], &v[pos + 2], v[0] - pos);
      000011 2B               [ 8]   72 	dec	hl
      000012 5E               [ 8]   73 	ld	e, (hl)
      000013 23               [ 8]   74 	inc	hl
      000014 56               [ 8]   75 	ld	d, (hl)
      000015 F5               [16]   76 	push	af
      000016 1A               [ 8]   77 	ld	a, (de)
      000017 4F               [ 4]   78 	ld	c, a
      000018 F1               [12]   79 	pop	af
      000019 06 00            [ 8]   80 	ld	b, #0x00
      00001B F8 00            [12]   81 	ldhl	sp,	#0
      00001D 22               [ 8]   82 	ld	(hl+), a
      00001E AF               [ 4]   83 	xor	a, a
      00001F 22               [ 8]   84 	ld	(hl+), a
      000020 23               [ 8]   85 	inc	hl
      000021 D1               [12]   86 	pop	de
      000022 D5               [16]   87 	push	de
      000023 79               [ 4]   88 	ld	a, c
      000024 93               [ 4]   89 	sub	a, e
      000025 5F               [ 4]   90 	ld	e, a
      000026 78               [ 4]   91 	ld	a, b
      000027 9A               [ 4]   92 	sbc	a, d
      000028 32               [ 8]   93 	ld	(hl-), a
      000029 7B               [ 4]   94 	ld	a, e
      00002A 22               [ 8]   95 	ld	(hl+), a
      00002B 23               [ 8]   96 	inc	hl
      00002C C1               [12]   97 	pop	bc
      00002D C5               [16]   98 	push	bc
      00002E 03               [ 8]   99 	inc	bc
      00002F 03               [ 8]  100 	inc	bc
      000030 2A               [ 8]  101 	ld	a,	(hl+)
      000031 66               [ 8]  102 	ld	h, (hl)
      000032 6F               [ 4]  103 	ld	l, a
      000033 09               [ 8]  104 	add	hl, bc
      000034 4D               [ 4]  105 	ld	c, l
      000035 44               [ 4]  106 	ld	b, h
      000036 D1               [12]  107 	pop	de
      000037 D5               [16]  108 	push	de
      000038 13               [ 8]  109 	inc	de
      000039 F8 04            [12]  110 	ldhl	sp,	#4
      00003B 2A               [ 8]  111 	ld	a,	(hl+)
      00003C 66               [ 8]  112 	ld	h, (hl)
      00003D 6F               [ 4]  113 	ld	l, a
      00003E 19               [ 8]  114 	add	hl, de
      00003F 5D               [ 4]  115 	ld	e, l
      000040 54               [ 4]  116 	ld	d, h
      000041 F8 02            [12]  117 	ldhl	sp,	#2
      000043 2A               [ 8]  118 	ld	a, (hl+)
      000044 66               [ 8]  119 	ld	h, (hl)
                                    120 ;	spillPairReg hl
                                    121 ;	spillPairReg hl
      000045 6F               [ 4]  122 	ld	l, a
                                    123 ;	spillPairReg hl
                                    124 ;	spillPairReg hl
      000046 E5               [16]  125 	push	hl
      000047 CDr00r00         [24]  126 	call	_memcpy
                                    127 ;C:/gbdk/ZGB/common/src/Vector.c:11: v[0] --;
      00004A F8 04            [12]  128 	ldhl	sp,#4
      00004C 2A               [ 8]  129 	ld	a, (hl+)
      00004D 5F               [ 4]  130 	ld	e, a
      00004E 56               [ 8]  131 	ld	d, (hl)
      00004F 1A               [ 8]  132 	ld	a, (de)
      000050 4F               [ 4]  133 	ld	c, a
      000051 0D               [ 4]  134 	dec	c
      000052 3A               [ 8]  135 	ld	a, (hl-)
      000053 6E               [ 8]  136 	ld	l, (hl)
      000054 67               [ 4]  137 	ld	h, a
      000055 71               [ 8]  138 	ld	(hl), c
                                    139 ;C:/gbdk/ZGB/common/src/Vector.c:12: }
      000056 E8 06            [16]  140 	add	sp, #6
      000058 C9               [16]  141 	ret
                                    142 	.area _CODE
                                    143 	.area _INITIALIZER
                                    144 	.area _CABS (ABS)
