ASxxxx Linker V03.00/V05.40 + sdld,  page 1.
Hexadecimal  [32-Bits]

Area                                    Addr        Size        Decimal Bytes (Attributes)
--------------------------------        ----        ----        ------- ----- ------------
.  .ABS.                            00000000    00000000 =           0. bytes (ABS,CON)

      Value  Global                              Global Defined In Module
      -----  --------------------------------   ------------------------
     00000000  .__.ABS.                           
     00000000  _rRAMG                             
     00000000  l__BASE                         
     00000000  l__BSS                          
     00000000  l__CABS                         
     00000000  l__CODE_0                       
     00000000  l__DABS                         
     00000000  l__HEADER                       
     00000000  l__HEADER_LCD                   
     00000000  l__HEADER_NESTED_TIM            
     00000000  l__HEAP                         
     00000000  l__HEAP_END                     
     00000000  l__HRAM                         
     00000000  l__LIT                          
     00000000  s__CABS                         
     00000000  s__DABS                         
     00000000  s__HEADER                       
     00000000  s__HEADER0                      
     00000000  s__HEADER1                      
     00000000  s__HEADER10                     
     00000000  s__HEADER11                     
     00000000  s__HEADER2                      
     00000000  s__HEADER3                      
     00000000  s__HEADER4                      
     00000000  s__HEADER5                      
     00000000  s__HEADER6                      
     00000000  s__HEADER7                      
     00000000  s__HEADER8                      
     00000000  s__HEADER9                      
     00000000  s__HEADER_LCD                   
     00000000  s__HEADER_LCD0                  
     00000000  s__HEADER_NESTED_TIM            
     00000000  s__HEADER_NESTED_TIM0           
     00000000  s__HEADERa                      
     00000000  s__HEADERb                      
     00000000  s__HEADERc                      
     00000000  s__HEADERd                      
     00000000  s__HEADERe                      
     00000000  s__HEADERf                      
     00000000  s__HRAM                         
     00000000  s__HRAM12                       
     00000001  ___bank_SpritePlayer               SpritePlayer
     00000001  ___bank_StateGame                  StateGame
     00000001  ___bank_font                       font_gbr
     00000001  ___bank_map                        map_gbm
     00000001  ___bank_player                     player_gbr
     00000001  ___bank_tiles                      tiles_gbr
     00000001  b_FadeIn_b                         Fade_b
     00000001  b_FadeOut_b                        Fade_b
     00000001  l__GSFINAL                      
ASxxxx Linker V03.00/V05.40 + sdld,  page 2.
Hexadecimal  [32-Bits]

Area                                    Addr        Size        Decimal Bytes (Attributes)
--------------------------------        ----        ----        ------- ----- ------------
.  .ABS.                            00000000    00000000 =           0. bytes (ABS,CON)

      Value  Global                              Global Defined In Module
      -----  --------------------------------   ------------------------
     00000001  l__HEADER0                      
     00000001  l__HEADER5                      
     00000001  l__HEADERa                      
     00000001  l__HEADERb                      
     00000001  l__HEADERc                      
     00000001  l__HEADERe                      
     00000001  l__HEADERf                      
     00000002  l__HEADER10                     
     00000002  l__HEADER6                      
     00000002  l__HEADERd                      
     00000003  l__HEADER9                      
     00000003  l__HEADER_LCD0                  
     00000003  l__HRAM12                       
     00000005  l__HEADER1                      
     00000006  l__HEADER8                      
     00000006  l__HEADER_NESTED_TIM0           
     00000007  l__HEADER2                      
     00000008  l__HEADER3                      
     0000000C  l__GSINIT                       
     00000030  l__HEADER7                      
     00000053  l__INITIALIZED                  
     00000053  l__INITIALIZER                  
     0000005C  l__HEADER4                      
     000000AF  l__HEADER11                     
     000001E9  l__HOME                         
     00000200  s__CODE                         
     00000741  l__DATA                         
     00000A14  l__CODE_1                       
     00002000  _rROMB0                            
     0000283C  l__CODE                         
     00002A3C  s__HOME                         
     00002C25  s__BASE                         
     00002C25  s__CODE_0                       
     00002C25  s__INITIALIZER                  
     00002C25  s__LIT                          
     00002C78  s__GSINIT                       
     00002C84  s__GSFINAL                      
     00003000  _rROMB1                            
     00004000  _rRAMB                             
     00008000  __VRAM                             
     00008000  __VRAM8000                         
     00008800  __VRAM8800                         
     00009000  __VRAM9000                         
     00009800  __SCRN0                            
     00009C00  __SCRN1                            
     0000A000  __SRAM                             
     0000C000  __RAM                              
     0000C000  _shadow_OAM                     
     0000C0A0  s__DATA                         
     0000C7E1  s__BSS                          
     0000C7E1  s__INITIALIZED                  
ASxxxx Linker V03.00/V05.40 + sdld,  page 3.
Hexadecimal  [32-Bits]

Area                                    Addr        Size        Decimal Bytes (Attributes)
--------------------------------        ----        ----        ------- ----- ------------
.  .ABS.                            00000000    00000000 =           0. bytes (ABS,CON)

      Value  Global                              Global Defined In Module
      -----  --------------------------------   ------------------------
     0000C834  s__HEAP                         
     0000C834  s__HEAP_END                     
     0000D000  __RAMBANK                          
     0000DEFF  .STACK                          
     0000DF00  _oam_mirror                        OAMManager
     0000FE00  __OAMRAM                           
     0000FF00  _P1_REG                            
     0000FF00  __IO                               
     0000FF01  _SB_REG                            
     0000FF02  _SC_REG                            
     0000FF04  _DIV_REG                           
     0000FF05  _TIMA_REG                          
     0000FF06  _TMA_REG                           
     0000FF07  _TAC_REG                           
     0000FF0F  _IF_REG                            
     0000FF10  _NR10_REG                          
     0000FF11  _NR11_REG                          
     0000FF12  _NR12_REG                          
     0000FF13  _NR13_REG                          
     0000FF14  _NR14_REG                          
     0000FF16  _NR21_REG                          
     0000FF17  _NR22_REG                          
     0000FF18  _NR23_REG                          
     0000FF19  _NR24_REG                          
     0000FF1A  _NR30_REG                          
     0000FF1B  _NR31_REG                          
     0000FF1C  _NR32_REG                          
     0000FF1D  _NR33_REG                          
     0000FF1E  _NR34_REG                          
     0000FF20  _NR41_REG                          
     0000FF21  _NR42_REG                          
     0000FF22  _NR43_REG                          
     0000FF23  _NR44_REG                          
     0000FF24  _NR50_REG                          
     0000FF25  _NR51_REG                          
     0000FF26  _NR52_REG                          
     0000FF30  _AUD3WAVE                          
     0000FF30  _PCM_SAMPLE                        
     0000FF30  __AUD3WAVERAM                      
     0000FF40  _LCDC_REG                          
     0000FF41  _STAT_REG                          
     0000FF42  _SCY_REG                           
     0000FF43  _SCX_REG                           
     0000FF44  _LY_REG                            
     0000FF45  _LYC_REG                           
     0000FF46  _DMA_REG                           
     0000FF47  _BGP_REG                           
     0000FF48  _OBP0_REG                          
     0000FF49  _OBP1_REG                          
     0000FF4A  _WY_REG                            
     0000FF4B  _WX_REG                            
ASxxxx Linker V03.00/V05.40 + sdld,  page 4.
Hexadecimal  [32-Bits]

Area                                    Addr        Size        Decimal Bytes (Attributes)
--------------------------------        ----        ----        ------- ----- ------------
.  .ABS.                            00000000    00000000 =           0. bytes (ABS,CON)

      Value  Global                              Global Defined In Module
      -----  --------------------------------   ------------------------
     0000FF4D  _KEY1_REG                          
     0000FF4F  _VBK_REG                           
     0000FF51  _HDMA1_REG                         
     0000FF52  _HDMA2_REG                         
     0000FF53  _HDMA3_REG                         
     0000FF54  _HDMA4_REG                         
     0000FF55  _HDMA5_REG                         
     0000FF56  _RP_REG                            
     0000FF68  _BCPS_REG                          
     0000FF69  _BCPD_REG                          
     0000FF6A  _OCPS_REG                          
     0000FF6B  _OCPD_REG                          
     0000FF70  _SVBK_REG                          
     0000FF76  _PCM12_REG                         
     0000FF77  _PCM34_REG                         
     0000FF80  .refresh_OAM                    
     0000FF80  __HRAM                             
     0000FFFF  _IE_REG                            
     00014000  s__CODE_1                       
ASxxxx Linker V03.00/V05.40 + sdld,  page 5.
Hexadecimal  [32-Bits]

Area                                    Addr        Size        Decimal Bytes (Attributes)
--------------------------------        ----        ----        ------- ----- ------------
_CODE                               00000200    0000283C =       10300. bytes (REL,CON)

      Value  Global                              Global Defined In Module
      -----  --------------------------------   ------------------------
     00000200  _GetTileReplacement                ZGBMain
     00000238  _hUGE_init                         hUGEDriver_obj
     0000023A  hUGE_init                          hUGEDriver_obj
     00000290  _hUGE_mute_channel                 hUGEDriver_obj
     00000292  hUGE_mute_channel                  hUGEDriver_obj
     000004E0  _hUGE_set_position                 hUGEDriver_obj
     000004E1  hUGE_set_position                  hUGEDriver_obj
     000006A6  _hUGE_dosound                      hUGEDriver_obj
     000006A6  hUGE_dosound                       hUGEDriver_obj
     000009D2  _SetState                          main
     000009DB  _vbl_update                        main
     00000A06  _SetWindowY                        main
     00000A24  _main                              main
     00000B56  _SetTile                           Scroll
     00000B68  _UPDATE_TILE                       Scroll
     00000CC5  _ScrollSetTiles                    Scroll
     00000D63  _UpdateMapTile                     Scroll
     00000D95  _LoadMap                           Scroll
     00000ECA  _ClampScrollLimits                 Scroll
     00000F2C  _ScrollSetMap                      Scroll
     00000FFC  _InitScroll                        Scroll
     00001049  _InitScrollWithTiles               Scroll
     0000114A  _ScrollUpdateRowR                  Scroll
     0000118D  _ScrollUpdateRowWithDelay          Scroll
     000011CC  _ScrollUpdateRow                   Scroll
     00001235  _ScrollUpdateColumnR               Scroll
     0000127E  _ScrollUpdateColumnWithDelay       Scroll
     000012BD  _ScrollUpdateColumn                Scroll
     00001323  _RefreshScroll                     Scroll
     000013E1  _MoveScroll                        Scroll
     0000152A  _GetScrollTilePtr                  Scroll
     00001545  _GetScrollTile                     Scroll
     0000155E  _GetMapSize                        Scroll
     0000158A  _ScrollFindTile                    Scroll
     0000168C  _FadeIn                            Fade
     00001694  _FadeOut                           Fade
     0000169C  _hUGE_mute                         Music
     000016BA  ___PlayMusic                       Music
     0000170B  _PushBank                          BankManager
     00001720  _PopBank                           BankManager
     00001730  _set_sprite_palette                CGB
     00001735  _set_bkg_palette                   CGB
     00001738  .set_palette                       CGB
     00001757  _set_sprite_palette_entry          CGB
     0000175C  _set_bkg_palette_entry             CGB
     0000175F  .set_palette_entry                 CGB
     0000177B  _SpriteManagerReset                SpriteManager
     00001856  _SpriteManagerLoad                 SpriteManager
     00001984  _SpriteManagerAdd                  SpriteManager
     00001AC3  _SpriteManagerRemove               SpriteManager
ASxxxx Linker V03.00/V05.40 + sdld,  page 6.
Hexadecimal  [32-Bits]

Area                                    Addr        Size        Decimal Bytes (Attributes)
--------------------------------        ----        ----        ------- ----- ------------
_CODE                               00000200    0000283C =       10300. bytes (REL,CON)

      Value  Global                              Global Defined In Module
      -----  --------------------------------   ------------------------
     00001AE3  _SpriteManagerRemoveSprite         SpriteManager
     00001B2B  _SpriteManagerFlushRemove          SpriteManager
     00001BC7  _SetBank                           SpriteManager
     00001BD1  _SpriteManagerUpdate               SpriteManager
     00001C8B  _SwapOAMs                          OAMManager
     00001D29  _ClearOAMs                         OAMManager
     00001D60  __mulsuchar                        mul
     00001D63  __muluschar                        mul
     00001D6C  __mulschar                         mul
     00001D74  __mulint                           mul
     00001D93  __muluchar                         mul
     00001DA5  _VectorAdd                         Vector
     00001DAF  _VectorRemovePos                   Vector
     00001DFE  _set_vram_byte                     
     00001E07  _set_win_tile_xy                   
     00001E0F  _set_bkg_tile_xy                   
     00001E39  _SetFrame                          Sprite
     00001E8D  _InitSprite                        Sprite
     00001F46  _SetSpriteAnim                     Sprite
     00001FA4  _DrawSprite                        Sprite
     000023A4  _TranslateSprite                   Sprite
     00002806  _CheckCollision                    Sprite
     000028FB  ___move_metasprite                 Metasprites
     00002938  _DespRight                         Math
     00002945  ___memcpy                          
     00002945  _memcpy                            
     00002977  ___move_metasprite_flipy           Metasprites
     00002977  ___move_metasprite_hflip           Metasprites
     000029B8  ___move_metasprite_flipx           Metasprites
     000029B8  ___move_metasprite_vflip           Metasprites
     000029F9  ___move_metasprite_flipxy          Metasprites
     000029F9  ___move_metasprite_hvflip          Metasprites

ASxxxx Linker V03.00/V05.40 + sdld,  page 7.
Hexadecimal  [32-Bits]

Area                                    Addr        Size        Decimal Bytes (Attributes)
--------------------------------        ----        ----        ------- ----- ------------
_HEADER0                            00000000    00000001 =           1. bytes (ABS,CON)

      Value  Global                              Global Defined In Module
      -----  --------------------------------   ------------------------
     00000020  .call_hl                           Runtime

ASxxxx Linker V03.00/V05.40 + sdld,  page 8.
Hexadecimal  [32-Bits]

Area                                    Addr        Size        Decimal Bytes (Attributes)
--------------------------------        ----        ----        ------- ----- ------------
_HEADER1                            00000000    00000005 =           5. bytes (ABS,CON)

      Value  Global                              Global Defined In Module
      -----  --------------------------------   ------------------------
     00000028  .MemsetSmall                       Runtime

ASxxxx Linker V03.00/V05.40 + sdld,  page 9.
Hexadecimal  [32-Bits]

Area                                    Addr        Size        Decimal Bytes (Attributes)
--------------------------------        ----        ----        ------- ----- ------------
_HEADER2                            00000000    00000007 =           7. bytes (ABS,CON)

      Value  Global                              Global Defined In Module
      -----  --------------------------------   ------------------------
     00000030  .MemcpySmall                       Runtime

ASxxxx Linker V03.00/V05.40 + sdld,  page 10.
Hexadecimal  [32-Bits]

Area                                    Addr        Size        Decimal Bytes (Attributes)
--------------------------------        ----        ----        ------- ----- ------------
_HEADER3                            00000000    00000008 =           8. bytes (ABS,CON)

      Value  Global                              Global Defined In Module
      -----  --------------------------------   ------------------------
ASxxxx Linker V03.00/V05.40 + sdld,  page 11.
Hexadecimal  [32-Bits]

Area                                    Addr        Size        Decimal Bytes (Attributes)
--------------------------------        ----        ----        ------- ----- ------------
_HEADER4                            00000000    0000005C =          92. bytes (ABS,CON)

      Value  Global                              Global Defined In Module
      -----  --------------------------------   ------------------------
     00000080  .int                               Runtime
     0000008F  _wait_int_handler                  Runtime
     0000009C  __standard_VBL_handler             Runtime
     000000AB  _refresh_OAM                       Runtime
     000000CC  .wait_vbl_done                     Runtime
     000000CC  _vsync                             Runtime
     000000CC  _wait_vbl_done                     Runtime

ASxxxx Linker V03.00/V05.40 + sdld,  page 12.
Hexadecimal  [32-Bits]

Area                                    Addr        Size        Decimal Bytes (Attributes)
--------------------------------        ----        ----        ------- ----- ------------
_HEADER5                            00000000    00000001 =           1. bytes (ABS,CON)

      Value  Global                              Global Defined In Module
      -----  --------------------------------   ------------------------
ASxxxx Linker V03.00/V05.40 + sdld,  page 13.
Hexadecimal  [32-Bits]

Area                                    Addr        Size        Decimal Bytes (Attributes)
--------------------------------        ----        ----        ------- ----- ------------
_HEADER6                            00000000    00000002 =           2. bytes (ABS,CON)

      Value  Global                              Global Defined In Module
      -----  --------------------------------   ------------------------
ASxxxx Linker V03.00/V05.40 + sdld,  page 14.
Hexadecimal  [32-Bits]

Area                                    Addr        Size        Decimal Bytes (Attributes)
--------------------------------        ----        ----        ------- ----- ------------
_HEADER7                            00000000    00000030 =          48. bytes (ABS,CON)

      Value  Global                              Global Defined In Module
      -----  --------------------------------   ------------------------
ASxxxx Linker V03.00/V05.40 + sdld,  page 15.
Hexadecimal  [32-Bits]

Area                                    Addr        Size        Decimal Bytes (Attributes)
--------------------------------        ----        ----        ------- ----- ------------
_HEADER8                            00000000    00000006 =           6. bytes (ABS,CON)

      Value  Global                              Global Defined In Module
      -----  --------------------------------   ------------------------
ASxxxx Linker V03.00/V05.40 + sdld,  page 16.
Hexadecimal  [32-Bits]

Area                                    Addr        Size        Decimal Bytes (Attributes)
--------------------------------        ----        ----        ------- ----- ------------
_HEADER9                            00000000    00000003 =           3. bytes (ABS,CON)

      Value  Global                              Global Defined In Module
      -----  --------------------------------   ------------------------
ASxxxx Linker V03.00/V05.40 + sdld,  page 17.
Hexadecimal  [32-Bits]

Area                                    Addr        Size        Decimal Bytes (Attributes)
--------------------------------        ----        ----        ------- ----- ------------
_HEADERa                            00000000    00000001 =           1. bytes (ABS,CON)

      Value  Global                              Global Defined In Module
      -----  --------------------------------   ------------------------
ASxxxx Linker V03.00/V05.40 + sdld,  page 18.
Hexadecimal  [32-Bits]

Area                                    Addr        Size        Decimal Bytes (Attributes)
--------------------------------        ----        ----        ------- ----- ------------
_HEADERb                            00000000    00000001 =           1. bytes (ABS,CON)

      Value  Global                              Global Defined In Module
      -----  --------------------------------   ------------------------
ASxxxx Linker V03.00/V05.40 + sdld,  page 19.
Hexadecimal  [32-Bits]

Area                                    Addr        Size        Decimal Bytes (Attributes)
--------------------------------        ----        ----        ------- ----- ------------
_HEADERc                            00000000    00000001 =           1. bytes (ABS,CON)

      Value  Global                              Global Defined In Module
      -----  --------------------------------   ------------------------
ASxxxx Linker V03.00/V05.40 + sdld,  page 20.
Hexadecimal  [32-Bits]

Area                                    Addr        Size        Decimal Bytes (Attributes)
--------------------------------        ----        ----        ------- ----- ------------
_HEADERd                            00000000    00000002 =           2. bytes (ABS,CON)

      Value  Global                              Global Defined In Module
      -----  --------------------------------   ------------------------
ASxxxx Linker V03.00/V05.40 + sdld,  page 21.
Hexadecimal  [32-Bits]

Area                                    Addr        Size        Decimal Bytes (Attributes)
--------------------------------        ----        ----        ------- ----- ------------
_HEADERe                            00000000    00000001 =           1. bytes (ABS,CON)

      Value  Global                              Global Defined In Module
      -----  --------------------------------   ------------------------
ASxxxx Linker V03.00/V05.40 + sdld,  page 22.
Hexadecimal  [32-Bits]

Area                                    Addr        Size        Decimal Bytes (Attributes)
--------------------------------        ----        ----        ------- ----- ------------
_HEADERf                            00000000    00000001 =           1. bytes (ABS,CON)

      Value  Global                              Global Defined In Module
      -----  --------------------------------   ------------------------
ASxxxx Linker V03.00/V05.40 + sdld,  page 23.
Hexadecimal  [32-Bits]

Area                                    Addr        Size        Decimal Bytes (Attributes)
--------------------------------        ----        ----        ------- ----- ------------
_HEADER10                           00000000    00000002 =           2. bytes (ABS,CON)

      Value  Global                              Global Defined In Module
      -----  --------------------------------   ------------------------
ASxxxx Linker V03.00/V05.40 + sdld,  page 24.
Hexadecimal  [32-Bits]

Area                                    Addr        Size        Decimal Bytes (Attributes)
--------------------------------        ----        ----        ------- ----- ------------
_HEADER11                           00000000    000000AF =         175. bytes (ABS,CON)

      Value  Global                              Global Defined In Module
      -----  --------------------------------   ------------------------
     00000150  .reset                             Runtime
     00000150  _reset                             Runtime
     00000157  .code_start                        Runtime
     000001B9  _exit                              Runtime
     000001BD  _set_interrupts                    Runtime
     000001D1  .remove_VBL                        Runtime
     000001D1  _remove_VBL                        Runtime
     000001D4  .remove_int                        Runtime
     000001F1  .add_VBL                           Runtime
     000001F1  _add_VBL                           Runtime
     000001F4  .add_int                           Runtime

ASxxxx Linker V03.00/V05.40 + sdld,  page 25.
Hexadecimal  [32-Bits]

Area                                    Addr        Size        Decimal Bytes (Attributes)
--------------------------------        ----        ----        ------- ----- ------------
_HOME                               00002A3C    000001E9 =         489. bytes (REL,CON)

      Value  Global                              Global Defined In Module
      -----  --------------------------------   ------------------------
     00002A3C  .memset_simple                     Runtime
     00002A45  .memcpy_simple                     Runtime
     00002A62  .display_off                       Runtime
     00002A62  _display_off                       Runtime
     00002A7A  _LCD_isr                           main
     00002AA3  _MusicCallback                     Music
     00002AC0  _empty                             BankManager
     00002AC1  _set_tile_data                     
     00002AC6  _set_bkg_data                      
     00002AC6  _set_win_data                      
     00002ACE  _set_sprite_data                   
     00002B04  _add_low_priority_TIM              
     00002B07  _update_attr                       Sprite
     00002B24  .add_TIM                           
     00002B2A  .remove_TIM                        
     00002B2A  _remove_TIM                        
     00002B30  .padup                             
     00002B30  _waitpadup                         
     00002B40  .jpad                              
     00002B40  _joypad                            
     00002B68  _waitpad                           
     00002B69  .wait_pad                          
     00002B70  ___sdcc_call_hl                    call_hl
     00002B71  _memset                            memset
     00002BA4  .delay                             
     00002BA4  _delay                             
     00002BD0  ___sdcc_bcall_ehl                  
     00002C19  .add_LCD                           
     00002C19  _add_LCD                           
     00002C1F  .remove_LCD                        
     00002C1F  _remove_LCD                        

ASxxxx Linker V03.00/V05.40 + sdld,  page 26.
Hexadecimal  [32-Bits]

Area                                    Addr        Size        Decimal Bytes (Attributes)
--------------------------------        ----        ----        ------- ----- ------------
_INITIALIZER                        00002C25    00000053 =          83. bytes (REL,CON)

      Value  Global                              Global Defined In Module
      -----  --------------------------------   ------------------------
ASxxxx Linker V03.00/V05.40 + sdld,  page 27.
Hexadecimal  [32-Bits]

Area                                    Addr        Size        Decimal Bytes (Attributes)
--------------------------------        ----        ----        ------- ----- ------------
_GSINIT                             00002C78    0000000C =          12. bytes (REL,CON)

      Value  Global                              Global Defined In Module
      -----  --------------------------------   ------------------------
     00002C78  gsinit                             Runtime

ASxxxx Linker V03.00/V05.40 + sdld,  page 28.
Hexadecimal  [32-Bits]

Area                                    Addr        Size        Decimal Bytes (Attributes)
--------------------------------        ----        ----        ------- ----- ------------
_GSFINAL                            00002C84    00000001 =           1. bytes (REL,CON)

      Value  Global                              Global Defined In Module
      -----  --------------------------------   ------------------------
ASxxxx Linker V03.00/V05.40 + sdld,  page 29.
Hexadecimal  [32-Bits]

Area                                    Addr        Size        Decimal Bytes (Attributes)
--------------------------------        ----        ----        ------- ----- ------------
_DATA                               0000C0A0    00000741 =        1857. bytes (REL,CON)

      Value  Global                              Global Defined In Module
      -----  --------------------------------   ------------------------
     0000C0A0  __cpu                              Runtime
     0000C0A1  __is_GBA                           Runtime
     0000C0A2  .mode                              Runtime
     0000C0A3  .sys_time                          Runtime
     0000C0A3  _sys_time                          Runtime
     0000C0A5  .int_0x40                          Runtime
     0000C0CD  _hUGE_current_wave                 hUGEDriver_obj
     0000C0CD  hUGE_current_wave                  hUGEDriver_obj
     0000C0CE  _hUGE_mute_mask                    hUGEDriver_obj
     0000C115  _delta_time                        main
     0000C116  _current_state                     main
     0000C117  _scroll_w                          Scroll
     0000C119  _scroll_h                          Scroll
     0000C11B  _scroll_tiles_w                    Scroll
     0000C11D  _scroll_tiles_h                    Scroll
     0000C11F  _scroll_collisions                 Scroll
     0000C21F  _scroll_collisions_down            Scroll
     0000C31F  _scroll_tile_info                  Scroll
     0000C41F  _scroll_bank                       Scroll
     0000C420  _pending_h_x                       Scroll
     0000C422  _pending_h_y                       Scroll
     0000C424  _pending_h_i                       Scroll
     0000C425  _pending_w_x                       Scroll
     0000C427  _pending_w_y                       Scroll
     0000C429  _pending_w_i                       Scroll
     0000C42A  _hud_map_offset                    Scroll
     0000C42C  _tiles_bank_0                      Scroll
     0000C42D  _tiles_0                           Scroll
     0000C42F  _current_vbl_count                 Scroll
     0000C430  _ZGB_Fading_BPal                   Fade_b
     0000C470  _ZGB_Fading_SPal                   Fade_b
     0000C4B0  _hUGE_current_track                Music
     0000C4B2  _hUGE_current_track_bank           Music
     0000C4B3  _bank_stackSTACK                   BankManager
     0000C4BD  _stateBanks                        ZGBMain_Init
     0000C4BE  _startFuncs                        ZGBMain_Init
     0000C4C0  _updateFuncs                       ZGBMain_Init
     0000C4C2  _spriteBanks                       ZGBMain_Init
     0000C4C3  _spriteDataBanks                   ZGBMain_Init
     0000C4C4  _spriteStartFuncs                  ZGBMain_Init
     0000C4C6  _spriteUpdateFuncs                 ZGBMain_Init
     0000C4C8  _spriteDestroyFuncs                ZGBMain_Init
     0000C4CA  _spriteDatas                       ZGBMain_Init
     0000C4CC  _spriteIdxs                        ZGBMain_Init
     0000C4CD  _spritePalsOffset                  ZGBMain_Init
     0000C4CE  _sprite_manager_sprites_mem        SpriteManager
     0000C78A  _sprite_manager_sprites            SpriteManager
     0000C7B2  _sprite_manager_sprites_poolSTAC   SpriteManager
     0000C7C6  _sprite_manager_removal_check      SpriteManager
     0000C7C7  _cachedSprite                      SpriteManager
ASxxxx Linker V03.00/V05.40 + sdld,  page 30.
Hexadecimal  [32-Bits]

Area                                    Addr        Size        Decimal Bytes (Attributes)
--------------------------------        ----        ----        ------- ----- ------------
_DATA                               0000C0A0    00000741 =        1857. bytes (REL,CON)

      Value  Global                              Global Defined In Module
      -----  --------------------------------   ------------------------
     0000C7C9  _tile_coll                         Sprite
     0000C7CB  .int_0x50                          
     0000C7D5  ___current_metasprite              Metasprites
     0000C7D7  ___current_base_tile               Metasprites
     0000C7D8  ___current_base_prop               Metasprites
     0000C7D9  .int_0x48                          

ASxxxx Linker V03.00/V05.40 + sdld,  page 31.
Hexadecimal  [32-Bits]

Area                                    Addr        Size        Decimal Bytes (Attributes)
--------------------------------        ----        ----        ------- ----- ------------
_INITIALIZED                        0000C7E1    00000053 =          83. bytes (REL,CON)

      Value  Global                              Global Defined In Module
      -----  --------------------------------   ------------------------
     0000C7E1  _next_state                        ZGBMain
     0000C7E2  _state_running                     main
     0000C7E3  _vbl_count                         main
     0000C7E4  _music_mute_frames                 main
     0000C7E5  _default_palette                   main
     0000C7ED  _scroll_top_movement_limit         Scroll
     0000C7EE  _scroll_bottom_movement_limit      Scroll
     0000C7EF  _scroll_map                        Scroll
     0000C7F1  _scroll_cmap                       Scroll
     0000C7F3  _scroll_x                          Scroll
     0000C7F5  _scroll_y                          Scroll
     0000C7F7  _scroll_x_vblank                   Scroll
     0000C7F8  _scroll_y_vblank                   Scroll
     0000C7F9  _scroll_target                     Scroll
     0000C7FB  _scroll_offset_x                   Scroll
     0000C7FC  _scroll_offset_y                   Scroll
     0000C7FD  _pending_h_map                     Scroll
     0000C7FF  _pending_w_map                     Scroll
     0000C801  _last_tile_loaded                  Scroll
     0000C802  _last_bg_pal_loaded                Scroll
     0000C803  _scroll_h_border                   Scroll
     0000C804  _clamp_enabled                     Scroll
     0000C805  _hUGE_paused                       Music
     0000C806  _last_music                        Music
     0000C808  _stop_music_on_new_state           Music
     0000C809  _bank_stack                        BankManager
     0000C80B  _sprite_manager_sprites_pool       SpriteManager
     0000C80D  _sprite_manager_updatables         SpriteManager
     0000C822  _last_sprite_loaded                SpriteManager
     0000C824  _last_sprite_pal_loaded            SpriteManager
     0000C825  _THIS_IDX                          SpriteManager
     0000C826  _THIS                              SpriteManager
     0000C828  _next_oam_idx                      OAMManager
     0000C829  _oam                               OAMManager
     0000C82B  _oam0                              OAMManager
     0000C82D  _oam1                              OAMManager
     0000C82F  _oam_end                           OAMManager
     0000C831  _previous_keys                     Keys
     0000C832  _keys                              Keys
     0000C833  ___render_shadow_OAM               Metasprites

ASxxxx Linker V03.00/V05.40 + sdld,  page 32.
Hexadecimal  [32-Bits]

Area                                    Addr        Size        Decimal Bytes (Attributes)
--------------------------------        ----        ----        ------- ----- ------------
_HRAM12                             00000000    00000003 =           3. bytes (ABS,CON)

      Value  Global                              Global Defined In Module
      -----  --------------------------------   ------------------------
     0000FF90  __current_bank                     Runtime
     0000FF92  __shadow_OAM_base                  Runtime

ASxxxx Linker V03.00/V05.40 + sdld,  page 33.
Hexadecimal  [32-Bits]

Area                                    Addr        Size        Decimal Bytes (Attributes)
--------------------------------        ----        ----        ------- ----- ------------
_CODE_1                             00014000    00000A14 =        2580. bytes (REL,CON)

      Value  Global                              Global Defined In Module
      -----  --------------------------------   ------------------------
     00014000  _map_map                           map_gbm
     000142D0  _map                               map_gbm
     000142D9  _font_tiles                        font_gbr
     000145A9  _font                              font_gbr
     000145B1  _tiles_palettes                    tiles_gbr
     000145B9  _tilesCGB                          tiles_gbr
     000145BB  _tiles_tiles                       tiles_gbr
     000145DB  _tiles                             tiles_gbr
     000145E3  ___func_player                     player_gbr
     000145E3  _player_palettes                   player_gbr
     000145EB  _player_tiles                      player_gbr
     0001462B  _player_metasprite0                player_gbr
     00014637  _player_metasprites                player_gbr
     00014639  _player                            player_gbr
     00014644  _Start_SpritePlayer                SpritePlayer
     00014645  _Update_SpritePlayer               SpritePlayer
     00014646  _Destroy_SpritePlayer              SpritePlayer
     00014647  _Start_StateGame                   StateGame
     00014664  _Update_StateGame                  StateGame
     00014665  _FadeInOp                          Fade_b
     00014671  _FadeDMG                           Fade_b
     0001481E  _FadeInDMG                         Fade_b
     00014822  _UpdateColor                       Fade_b
     000148BC  _FadeStepColor                     Fade_b
     000149A8  _FadeInCOLOR                       Fade_b
     000149B7  _FadeIn_b                          Fade_b
     000149BA  _FadeOutDMG                        Fade_b
     000149BF  _FadeOutColor                      Fade_b
     000149CD  _FadeOut_b                         Fade_b
     000149D0  _InitStates                        ZGBMain_Init
     000149E7  _InitSprites                       ZGBMain_Init

ASxxxx Linker V03.00/V05.40 + sdld,  page 34.
Hexadecimal  [32-Bits]

Area                                    Addr        Size        Decimal Bytes (Attributes)
--------------------------------        ----        ----        ------- ----- ------------
_HEADER_NESTED_TIM0                 00000000    00000006 =           6. bytes (ABS,CON)

      Value  Global                              Global Defined In Module
      -----  --------------------------------   ------------------------
ASxxxx Linker V03.00/V05.40 + sdld,  page 35.
Hexadecimal  [32-Bits]

Area                                    Addr        Size        Decimal Bytes (Attributes)
--------------------------------        ----        ----        ------- ----- ------------
_HEADER_LCD0                        00000000    00000003 =           3. bytes (ABS,CON)

      Value  Global                              Global Defined In Module
      -----  --------------------------------   ------------------------
ASxxxx Linker V03.00/V05.40 + sdld,  page 36.

Files Linked                              [ module(s) ]

C:/gbdk/ZGB/common/../env/gbdk/lib/gb/crt0.o
                                          [ Runtime ]
../Release/res/map.gbm.rel                [ map_gbm ]
../Release/res/font.gbr.rel               [ font_gbr ]
../Release/res/tiles.gbr.rel              [ tiles_gbr ]
../Release/res/sprites/player.gbr.rel     [ player_gbr ]
../Release/SpritePlayer.rel               [ SpritePlayer ]
../Release/StateGame.rel                  [ StateGame ]
../Release/ZGBMain.rel                    [ ZGBMain ]
C:/gbdk/ZGB/common/lib/hUGEDriver.obj.o   [ hUGEDriver_obj ]


Libraries Linked                          [ object file ]

../Release/zgb/zgb.lib                    [ main.o ]
../Release/zgb/zgb.lib                    [ Scroll.o ]
../Release/zgb/zgb.lib                    [ Fade.o ]
../Release/zgb/zgb.lib                    [ Fade_b.o ]
../Release/zgb/zgb.lib                    [ Music.o ]
../Release/zgb/zgb.lib                    [ BankManager.o ]
C:/gbdk/ZGB/common/../env/gbdk/lib/gb/gb.lib
                                          [ sfr.o ]
C:/gbdk/ZGB/common/../env/gbdk/lib/gb/gb.lib
                                          [ cgb_palettes.o ]
../Release/zgb/zgb.lib                    [ ZGBMain_Init.o ]
../Release/zgb/zgb.lib                    [ SpriteManager.o ]
../Release/zgb/zgb.lib                    [ OAMManager.o ]
C:/gbdk/ZGB/common/../env/gbdk/lib/sm83/sm83.lib
                                          [ mul.o ]
C:/gbdk/ZGB/common/../env/gbdk/lib/gb/gb.lib
                                          [ set_data.o ]
../Release/zgb/zgb.lib                    [ Vector.o ]
C:/gbdk/ZGB/common/../env/gbdk/lib/gb/gb.lib
                                          [ set_tile.o ]
../Release/zgb/zgb.lib                    [ Keys.o ]
C:/gbdk/ZGB/common/../env/gbdk/lib/gb/gb.lib
                                          [ tim_nested.o ]
../Release/zgb/zgb.lib                    [ Sprite.o ]
C:/gbdk/ZGB/common/../env/gbdk/lib/gb/gb.lib
                                          [ tim_common.o ]
C:/gbdk/ZGB/common/../env/gbdk/lib/gb/gb.lib
                                          [ pad.o ]
C:/gbdk/ZGB/common/../env/gbdk/lib/gb/gb.lib
                                          [ metasprites.o ]
C:/gbdk/ZGB/common/../env/gbdk/lib/sm83/sm83.lib
                                          [ __sdcc_call_hl.o ]
../Release/zgb/zgb.lib                    [ Math.o ]
C:/gbdk/ZGB/common/../env/gbdk/lib/sm83/sm83.lib
                                          [ memcpy.o ]
C:/gbdk/ZGB/common/../env/gbdk/lib/sm83/sm83.lib
                                          [ _memset.o ]
C:/gbdk/ZGB/common/../env/gbdk/lib/gb/gb.lib
                                          [ delay.o ]
C:/gbdk/ZGB/common/../env/gbdk/lib/gb/gb.lib
                                          [ ___sdcc_bcall_ehl.o ]
C:/gbdk/ZGB/common/../env/gbdk/lib/gb/gb.lib
                                          [ metasprites_flip.o ]
C:/gbdk/ZGB/common/../env/gbdk/lib/gb/gb.lib
                                          [ lcd.o ]

ASxxxx Linker V03.00/V05.40 + sdld,  page 37.

User Base Address Definitions

_DATA=0xc0a0
_CODE=0x0200
ASxxxx Linker V03.00/V05.40 + sdld,  page 38.

User Global Definitions

_shadow_OAM=0xC000
.STACK=0xDEFF
.refresh_OAM=0xFF80

